Frame 1: 5, 4 ; FrameScore: 9 ; TotalScore: 9
Frame 2: 4, 3 ; FrameScore: 7 ; TotalScore: 16
Frame 3: 1, 2 ; FrameScore: 3 ; TotalScore: 19
Frame 4: 4, 6 ; FrameScore: 13 ; TotalScore: 32
Frame 5: 3, 6 ; FrameScore: 9 ; TotalScore: 41
Frame 6: 8, 2 ; FrameScore: 11 ; TotalScore: 52
Frame 7: 1, 2 ; FrameScore: 3 ; TotalScore: 55
Frame 8: 10 ; FrameScore: 15 ; TotalScore: 70